../Core/Src/main.c:188:5:main	8	static
../Core/Src/main.c:294:6:SystemClock_Config	120	static
../Core/Src/main.c:341:13:MX_ADC1_Init	32	static
../Core/Src/main.c:398:13:MX_CAN_Init	48	static
../Core/Src/main.c:468:13:MX_USART2_UART_Init	8	static
../Core/Src/main.c:503:13:MX_GPIO_Init	48	static
../Core/Src/main.c:550:6:HAL_CAN_RxFifo0MsgPendingCallback	24	static
../Core/Src/main.c:647:19:CAN_Send	24	static
../Core/Src/main.c:663:9:lastMessageSent	16	static
../Core/Src/main.c:672:5:_write	24	static
../Core/Src/main.c:687:6:ControlPedal	16	static
../Core/Src/main.c:780:6:DisplayData	24	static
../Core/Src/main.c:837:6:StartAPPSCalibration	16	static
../Core/Src/main.c:855:6:StartCANWatchdog	16	static
../Core/Src/main.c:942:6:HAL_TIM_PeriodElapsedCallback	16	static
../Core/Src/main.c:960:6:Error_Handler	4	static,ignoring_inline_asm
