../Core/Src/main.c:196:5:main	2
../Core/Src/main.c:315:6:SystemClock_Config	4
../Core/Src/main.c:375:13:MX_ADC1_Init	4
../Core/Src/main.c:444:13:MX_FDCAN1_Init	5
../Core/Src/main.c:547:13:MX_GPIO_Init	1
../Core/Src/main.c:591:6:HAL_FDCAN_RxFifo0Callback	15
../Core/Src/main.c:699:19:CAN_Send	1
../Core/Src/main.c:727:9:lastMessageSent	2
../Core/Src/main.c:751:6:ControlPedal	7
../Core/Src/main.c:854:6:StartCANWatchdog	7
../Core/Src/main.c:940:6:StartAPPSCalibration	1
../Core/Src/main.c:958:6:DisplayData	1
../Core/Src/main.c:1011:6:MPU_Config	1
../Core/Src/main.c:1046:6:HAL_TIM_PeriodElapsedCallback	2
../Core/Src/main.c:1064:6:Error_Handler	1
