../Core/Src/main.c:274:5:main	8	static
../Core/Src/main.c:404:6:SystemClock_Config	120	static
../Core/Src/main.c:464:13:MX_ADC1_Init	56	static
../Core/Src/main.c:533:13:MX_FDCAN1_Init	40	static
../Core/Src/main.c:635:13:MX_GPIO_Init	48	static
../Core/Src/main.c:680:6:HAL_UART_RxCpltCallback	16	static
../Core/Src/main.c:691:6:HAL_FDCAN_RxFifo0Callback	48	static
../Core/Src/main.c:718:19:CAN_Send	24	static
../Core/Src/main.c:764:9:lastMessageSent	16	static
../Core/Src/main.c:780:6:ControlPedal	16	static
../Core/Src/main.c:882:6:StartCANWatchdog	48	static
../Core/Src/main.c:1030:6:StartAPPSCalibration	16	static
../Core/Src/main.c:1080:6:StartTestCANSend	16	static
../Core/Src/main.c:1110:6:StartDataDisplay	40	static
../Core/Src/main.c:1153:6:StartCommands	16	static
../Core/Src/main.c:1213:6:MPU_Config	24	static
../Core/Src/main.c:1248:6:HAL_TIM_PeriodElapsedCallback	16	static
../Core/Src/main.c:1266:6:Error_Handler	4	static,ignoring_inline_asm
