../Core/Src/main.c:206:5:main	2
../Core/Src/main.c:324:6:SystemClock_Config	4
../Core/Src/main.c:384:13:MX_ADC1_Init	4
../Core/Src/main.c:453:13:MX_FDCAN1_Init	5
../Core/Src/main.c:555:13:MX_GPIO_Init	1
../Core/Src/main.c:599:6:HAL_UART_RxCpltCallback	2
../Core/Src/main.c:610:6:HAL_FDCAN_RxFifo0Callback	13
../Core/Src/main.c:713:19:CAN_Send	11
../Core/Src/main.c:759:9:lastMessageSent	2
../Core/Src/main.c:783:6:ControlPedal	7
../Core/Src/main.c:886:6:StartCANWatchdog	7
../Core/Src/main.c:976:6:StartAPPSCalibration	1
../Core/Src/main.c:994:6:StartTestCANSend	1
../Core/Src/main.c:1024:6:StartDataDisplay	3
../Core/Src/main.c:1061:6:MPU_Config	1
../Core/Src/main.c:1096:6:HAL_TIM_PeriodElapsedCallback	2
../Core/Src/main.c:1114:6:Error_Handler	1
