../Core/Src/main.c:196:5:main	8	static
../Core/Src/main.c:309:6:SystemClock_Config	120	static
../Core/Src/main.c:369:13:MX_ADC1_Init	56	static
../Core/Src/main.c:438:13:MX_FDCAN1_Init	40	static
../Core/Src/main.c:540:13:MX_GPIO_Init	48	static
../Core/Src/main.c:584:6:HAL_FDCAN_RxFifo0Callback	24	static
../Core/Src/main.c:687:19:CAN_Send	24	static
../Core/Src/main.c:733:9:lastMessageSent	16	static
../Core/Src/main.c:757:6:ControlPedal	16	static
../Core/Src/main.c:860:6:StartCANWatchdog	16	static
../Core/Src/main.c:950:6:StartAPPSCalibration	16	static
../Core/Src/main.c:968:6:StartTestCANSend	16	static
../Core/Src/main.c:986:6:MPU_Config	24	static
../Core/Src/main.c:1021:6:HAL_TIM_PeriodElapsedCallback	16	static
../Core/Src/main.c:1039:6:Error_Handler	4	static,ignoring_inline_asm
