../Core/Src/main.c:258:5:main	8	static
../Core/Src/main.c:388:6:SystemClock_Config	120	static
../Core/Src/main.c:448:13:MX_ADC1_Init	56	static
../Core/Src/main.c:517:13:MX_FDCAN1_Init	40	static
../Core/Src/main.c:619:13:MX_GPIO_Init	48	static
../Core/Src/main.c:663:6:HAL_UART_RxCpltCallback	16	static
../Core/Src/main.c:674:6:HAL_FDCAN_RxFifo0Callback	48	static
../Core/Src/main.c:701:19:CAN_Send	24	static
../Core/Src/main.c:747:9:lastMessageSent	16	static
../Core/Src/main.c:763:6:ControlPedal	16	static
../Core/Src/main.c:860:6:StartCANWatchdog	48	static
../Core/Src/main.c:1008:6:StartAPPSCalibration	16	static
../Core/Src/main.c:1026:6:StartTestCANSend	16	static
../Core/Src/main.c:1056:6:StartDataDisplay	40	static
../Core/Src/main.c:1098:6:StartCommands	16	static
../Core/Src/main.c:1132:6:MPU_Config	24	static
../Core/Src/main.c:1167:6:HAL_TIM_PeriodElapsedCallback	16	static
../Core/Src/main.c:1185:6:Error_Handler	4	static,ignoring_inline_asm
