../Core/Src/main.c:297:5:main	8	static
../Core/Src/main.c:433:6:SystemClock_Config	120	static
../Core/Src/main.c:493:13:MX_ADC3_Init	48	static
../Core/Src/main.c:556:13:MX_FDCAN1_Init	40	static
../Core/Src/main.c:670:13:MX_GPIO_Init	40	static
../Core/Src/main.c:714:6:HAL_UART_RxCpltCallback	16	static
../Core/Src/main.c:725:6:HAL_FDCAN_RxFifo0Callback	40	static
../Core/Src/main.c:783:19:CAN_Send	24	static
../Core/Src/main.c:829:9:lastMessageSent	16	static
../Core/Src/main.c:845:6:ControlPedal	16	static
../Core/Src/main.c:931:6:StartCANWatchdog	48	static
../Core/Src/main.c:1079:6:StartAPPSCalibration	16	static
../Core/Src/main.c:1133:6:StartTestCANSend	16	static
../Core/Src/main.c:1165:6:StartDataDisplay	40	static
../Core/Src/main.c:1208:6:StartCommands	16	static
../Core/Src/main.c:1284:6:StartReadingCANRX	16	static
../Core/Src/main.c:1315:6:MPU_Config	24	static
../Core/Src/main.c:1350:6:HAL_TIM_PeriodElapsedCallback	16	static
../Core/Src/main.c:1368:6:Error_Handler	4	static,ignoring_inline_asm
