../Core/Src/main.c:193:5:main	8	static
../Core/Src/main.c:313:6:SystemClock_Config	120	static
../Core/Src/main.c:373:13:MX_ADC1_Init	56	static
../Core/Src/main.c:442:13:MX_FDCAN1_Init	40	static
../Core/Src/main.c:544:13:MX_USART2_UART_Init	8	static
../Core/Src/main.c:592:13:MX_GPIO_Init	48	static
../Core/Src/main.c:636:6:HAL_FDCAN_RxFifo0Callback	24	static
../Core/Src/main.c:739:19:CAN_Send	24	static
../Core/Src/main.c:767:9:lastMessageSent	16	static
../Core/Src/main.c:776:5:_write	24	static
../Core/Src/main.c:791:6:ControlPedal	16	static
../Core/Src/main.c:887:6:StartCANWatchdog	16	static
../Core/Src/main.c:973:6:StartAPPSCalibration	16	static
../Core/Src/main.c:991:6:DisplayData	32	static
../Core/Src/main.c:1044:6:MPU_Config	24	static
../Core/Src/main.c:1079:6:HAL_TIM_PeriodElapsedCallback	16	static
../Core/Src/main.c:1097:6:Error_Handler	4	static,ignoring_inline_asm
