../Core/Src/main.c:237:5:main	8	static
../Core/Src/main.c:362:6:SystemClock_Config	120	static
../Core/Src/main.c:422:13:MX_ADC1_Init	56	static
../Core/Src/main.c:491:13:MX_FDCAN1_Init	40	static
../Core/Src/main.c:593:13:MX_GPIO_Init	48	static
../Core/Src/main.c:637:6:HAL_UART_RxCpltCallback	16	static
../Core/Src/main.c:648:6:HAL_FDCAN_RxFifo0Callback	24	static
../Core/Src/main.c:739:19:CAN_Send	24	static
../Core/Src/main.c:786:9:lastMessageSent	16	static
../Core/Src/main.c:802:6:ControlPedal	16	static
../Core/Src/main.c:905:6:StartCANWatchdog	24	static
../Core/Src/main.c:1052:6:StartAPPSCalibration	16	static
../Core/Src/main.c:1070:6:StartTestCANSend	16	static
../Core/Src/main.c:1100:6:StartDataDisplay	24	static
../Core/Src/main.c:1142:6:StartCommands	16	static
../Core/Src/main.c:1174:6:MPU_Config	24	static
../Core/Src/main.c:1209:6:HAL_TIM_PeriodElapsedCallback	16	static
../Core/Src/main.c:1227:6:Error_Handler	4	static,ignoring_inline_asm
