../Core/Src/main.c:196:5:main	8	static
../Core/Src/main.c:309:6:SystemClock_Config	120	static
../Core/Src/main.c:369:13:MX_ADC1_Init	56	static
../Core/Src/main.c:438:13:MX_FDCAN1_Init	40	static
../Core/Src/main.c:544:13:MX_GPIO_Init	48	static
../Core/Src/main.c:588:6:HAL_FDCAN_RxFifo0Callback	24	static
../Core/Src/main.c:698:19:CAN_Send	24	static
../Core/Src/main.c:754:9:lastMessageSent	16	static
../Core/Src/main.c:778:6:ControlPedal	16	static
../Core/Src/main.c:881:6:StartCANWatchdog	16	static
../Core/Src/main.c:971:6:StartAPPSCalibration	16	static
../Core/Src/main.c:989:6:DisplayData	16	static
../Core/Src/main.c:1042:6:MPU_Config	24	static
../Core/Src/main.c:1077:6:HAL_TIM_PeriodElapsedCallback	16	static
../Core/Src/main.c:1095:6:Error_Handler	4	static,ignoring_inline_asm
