../Core/Src/main.c:206:5:main	8	static
../Core/Src/main.c:324:6:SystemClock_Config	120	static
../Core/Src/main.c:384:13:MX_ADC1_Init	56	static
../Core/Src/main.c:453:13:MX_FDCAN1_Init	40	static
../Core/Src/main.c:555:13:MX_GPIO_Init	48	static
../Core/Src/main.c:599:6:HAL_UART_RxCpltCallback	16	static
../Core/Src/main.c:610:6:HAL_FDCAN_RxFifo0Callback	24	static
../Core/Src/main.c:713:19:CAN_Send	24	static
../Core/Src/main.c:759:9:lastMessageSent	16	static
../Core/Src/main.c:783:6:ControlPedal	16	static
../Core/Src/main.c:886:6:StartCANWatchdog	16	static
../Core/Src/main.c:976:6:StartAPPSCalibration	16	static
../Core/Src/main.c:994:6:StartTestCANSend	16	static
../Core/Src/main.c:1024:6:StartDataDisplay	24	static
../Core/Src/main.c:1061:6:MPU_Config	24	static
../Core/Src/main.c:1096:6:HAL_TIM_PeriodElapsedCallback	16	static
../Core/Src/main.c:1114:6:Error_Handler	4	static,ignoring_inline_asm
