../Core/Src/main.c:206:5:main	8	static
../Core/Src/main.c:324:6:SystemClock_Config	120	static
../Core/Src/main.c:384:13:MX_ADC1_Init	56	static
../Core/Src/main.c:453:13:MX_FDCAN1_Init	40	static
../Core/Src/main.c:555:13:MX_GPIO_Init	48	static
../Core/Src/main.c:598:6:HAL_UART_RxCpltCallback	16	static
../Core/Src/main.c:609:6:HAL_FDCAN_RxFifo0Callback	24	static
../Core/Src/main.c:712:19:CAN_Send	24	static
../Core/Src/main.c:758:9:lastMessageSent	16	static
../Core/Src/main.c:782:6:ControlPedal	16	static
../Core/Src/main.c:885:6:StartCANWatchdog	16	static
../Core/Src/main.c:975:6:StartAPPSCalibration	16	static
../Core/Src/main.c:993:6:StartTestCANSend	16	static
../Core/Src/main.c:1020:6:StartDataDisplay	24	static
../Core/Src/main.c:1057:6:MPU_Config	24	static
../Core/Src/main.c:1092:6:HAL_TIM_PeriodElapsedCallback	16	static
../Core/Src/main.c:1110:6:Error_Handler	4	static,ignoring_inline_asm
