../Core/Src/main.c:204:5:main	8	static
../Core/Src/main.c:320:6:SystemClock_Config	120	static
../Core/Src/main.c:380:13:MX_ADC1_Init	56	static
../Core/Src/main.c:449:13:MX_FDCAN1_Init	40	static
../Core/Src/main.c:551:13:MX_GPIO_Init	48	static
../Core/Src/main.c:595:6:HAL_FDCAN_RxFifo0Callback	24	static
../Core/Src/main.c:698:19:CAN_Send	24	static
../Core/Src/main.c:744:9:lastMessageSent	16	static
../Core/Src/main.c:768:6:ControlPedal	16	static
../Core/Src/main.c:871:6:StartCANWatchdog	16	static
../Core/Src/main.c:961:6:StartAPPSCalibration	16	static
../Core/Src/main.c:979:6:StartTestCANSend	16	static
../Core/Src/main.c:1004:6:StartDataDisplay	24	static
../Core/Src/main.c:1041:6:MPU_Config	24	static
../Core/Src/main.c:1076:6:HAL_TIM_PeriodElapsedCallback	16	static
../Core/Src/main.c:1094:6:Error_Handler	4	static,ignoring_inline_asm
