../Core/Src/main.c:329:5:main	8	static
../Core/Src/main.c:465:6:SystemClock_Config	120	static
../Core/Src/main.c:525:13:MX_ADC1_Init	56	static
../Core/Src/main.c:594:13:MX_FDCAN1_Init	40	static
../Core/Src/main.c:708:13:MX_GPIO_Init	48	static
../Core/Src/main.c:753:6:HAL_UART_RxCpltCallback	16	static
../Core/Src/main.c:764:6:HAL_FDCAN_RxFifo0Callback	40	static
../Core/Src/main.c:869:19:CAN_Send	64	static
../Core/Src/main.c:918:9:lastMessageSent	16	static
../Core/Src/main.c:937:6:ControlPedal	56	static
../Core/Src/main.c:1035:6:StartCANWatchdog	16	static
../Core/Src/main.c:1236:6:StartAPPSCalibration	16	static
../Core/Src/main.c:1290:6:StartTestCANSend	16	static
../Core/Src/main.c:1322:6:StartDataDisplay	40	static
../Core/Src/main.c:1365:6:StartCommands	16	static
../Core/Src/main.c:1444:6:StartReadingCANRX	16	static
../Core/Src/main.c:1475:6:MPU_Config	24	static
../Core/Src/main.c:1510:6:HAL_TIM_PeriodElapsedCallback	16	static
../Core/Src/main.c:1528:6:Error_Handler	4	static,ignoring_inline_asm
