../Core/Src/main.c:187:5:main	8	static
../Core/Src/main.c:293:6:SystemClock_Config	120	static
../Core/Src/main.c:340:13:MX_ADC1_Init	32	static
../Core/Src/main.c:397:13:MX_CAN_Init	48	static
../Core/Src/main.c:467:13:MX_USART2_UART_Init	8	static
../Core/Src/main.c:502:13:MX_GPIO_Init	48	static
../Core/Src/main.c:686:6:ControlPedal	16	static
../Core/Src/main.c:779:6:DisplayData	24	static
../Core/Src/main.c:836:6:StartAPPSCalibration	16	static
../Core/Src/main.c:854:6:StartCANWatchdog	16	static
../Core/Src/main.c:938:6:HAL_TIM_PeriodElapsedCallback	16	static
../Core/Src/main.c:956:6:Error_Handler	4	static,ignoring_inline_asm
