../Core/Src/main.c:297:5:main	8	static
../Core/Src/main.c:433:6:SystemClock_Config	120	static
../Core/Src/main.c:493:13:MX_ADC1_Init	56	static
../Core/Src/main.c:562:13:MX_FDCAN1_Init	40	static
../Core/Src/main.c:696:13:MX_GPIO_Init	48	static
../Core/Src/main.c:741:6:HAL_UART_RxCpltCallback	16	static
../Core/Src/main.c:752:6:HAL_FDCAN_RxFifo0Callback	40	static
../Core/Src/main.c:810:19:CAN_Send	24	static
../Core/Src/main.c:856:9:lastMessageSent	16	static
../Core/Src/main.c:872:6:ControlPedal	16	static
../Core/Src/main.c:974:6:StartCANWatchdog	48	static
../Core/Src/main.c:1122:6:StartAPPSCalibration	16	static
../Core/Src/main.c:1176:6:StartTestCANSend	16	static
../Core/Src/main.c:1208:6:StartDataDisplay	40	static
../Core/Src/main.c:1251:6:StartCommands	16	static
../Core/Src/main.c:1327:6:StartReadingCANRX	16	static
../Core/Src/main.c:1358:6:MPU_Config	24	static
../Core/Src/main.c:1393:6:HAL_TIM_PeriodElapsedCallback	16	static
../Core/Src/main.c:1411:6:Error_Handler	4	static,ignoring_inline_asm
