../Core/Src/main.c:196:5:main	8	static
../Core/Src/main.c:315:6:SystemClock_Config	120	static
../Core/Src/main.c:375:13:MX_ADC1_Init	56	static
../Core/Src/main.c:444:13:MX_FDCAN1_Init	40	static
../Core/Src/main.c:547:13:MX_GPIO_Init	48	static
../Core/Src/main.c:591:6:HAL_FDCAN_RxFifo0Callback	24	static
../Core/Src/main.c:699:19:CAN_Send	24	static
../Core/Src/main.c:727:9:lastMessageSent	16	static
../Core/Src/main.c:751:6:ControlPedal	16	static
../Core/Src/main.c:854:6:StartCANWatchdog	16	static
../Core/Src/main.c:940:6:StartAPPSCalibration	16	static
../Core/Src/main.c:958:6:DisplayData	16	static
../Core/Src/main.c:1011:6:MPU_Config	24	static
../Core/Src/main.c:1046:6:HAL_TIM_PeriodElapsedCallback	16	static
../Core/Src/main.c:1064:6:Error_Handler	4	static,ignoring_inline_asm
